{"timestamp":"2026-02-23T06:44:49.603Z","event":"PROFILE_SUBMIT","userId":"699b5d33e21e4e333bc49812","action":"aadhaar_kyc_submitted","details":{"referenceId":"BCR-MLYTAJ8W-6GRXHSBF","nameMatch":false,"dobMatch":false,"status":"MANUAL_REVIEW"}}
{"timestamp":"2026-02-23T07:02:11.195Z","event":"PROFILE_SUBMIT","userId":"699b5d33e21e4e333bc49812","action":"aadhaar_kyc_submitted","details":{"referenceId":"BCR-MLYTAJ8W-6GRXHSBF","nameMatch":true,"dobMatch":false,"status":"MANUAL_REVIEW"}}
{"timestamp":"2026-02-23T07:06:16.520Z","event":"PROFILE_SUBMIT","userId":"699b5d33e21e4e333bc49812","action":"aadhaar_kyc_submitted","details":{"referenceId":"BCR-MLYTAJ8W-6GRXHSBF","nameMatch":false,"dobMatch":true,"status":"MANUAL_REVIEW"}}
{"timestamp":"2026-02-23T07:08:06.475Z","event":"PROFILE_SUBMIT","userId":"699b5d33e21e4e333bc49812","action":"aadhaar_kyc_submitted","details":{"referenceId":"BCR-MLYTAJ8W-6GRXHSBF","nameMatch":false,"dobMatch":true,"status":"MANUAL_REVIEW"}}
{"timestamp":"2026-02-23T07:11:43.082Z","event":"PROFILE_SUBMIT","userId":"699b5d33e21e4e333bc49812","action":"aadhaar_kyc_submitted","details":{"referenceId":"BCR-MLYTAJ8W-6GRXHSBF","nameMatch":false,"dobMatch":true,"status":"MANUAL_REVIEW"}}
{"timestamp":"2026-02-23T07:13:37.821Z","event":"PROFILE_SUBMIT","userId":"699b5d33e21e4e333bc49812","action":"aadhaar_kyc_submitted","details":{"referenceId":"BCR-MLYTAJ8W-6GRXHSBF","nameMatch":false,"dobMatch":true,"status":"MANUAL_REVIEW"}}
{"timestamp":"2026-02-23T07:18:39.726Z","event":"PROFILE_SUBMIT","userId":"699b5d33e21e4e333bc49812","action":"aadhaar_manual_review","details":{"reason":"Document could not be read automatically. Please ensure PDF has selectable text, or upload a clear image (JPG/PNG)."}}
{"timestamp":"2026-02-23T07:36:01.210Z","event":"PROFILE_SUBMIT","userId":"699b5d33e21e4e333bc49812","action":"aadhaar_manual_review","details":{"reason":"Document could not be read automatically. Please ensure PDF has selectable text, or upload a clear image (JPG/PNG)."}}
{"timestamp":"2026-02-23T07:36:15.665Z","event":"PROFILE_SUBMIT","userId":"699b5d33e21e4e333bc49812","action":"aadhaar_kyc_submitted","details":{"referenceId":"BCR-MLYTAJ8W-6GRXHSBF","nameMatch":true,"dobMatch":true,"status":"VERIFIED_PENDING_LAND"}}
{"timestamp":"2026-02-23T07:40:39.923Z","event":"LAND_DOCUMENT","userId":"699b5d33e21e4e333bc49812","action":"land_document_uploaded","details":{"referenceId":"BCR-MLYTAJ8W-6GRXHSBF"}}
{"timestamp":"2026-02-23T09:04:13.712Z","event":"PLANTATION_SUBMIT","userId":"699b5d33e21e4e333bc49812","action":"plantation_submitted","details":{"plantationId":"BCR-PLT-MLYY9T1U-JJZS8D","landId":"699c15e97103c32dd6d7aa2c","speciesName":"Argan Tree","treeCount":"500","areaHectares":1}}
{"timestamp":"2026-02-23T13:34:49.455Z","event":"PROFILE_SUBMIT","userId":"699c5604575074c6a1281b24","action":"aadhaar_kyc_submitted","details":{"referenceId":"BCR-MLZ7XSMU-Y8JNHAA8","nameMatch":false,"dobMatch":true,"status":"MANUAL_REVIEW"}}
{"timestamp":"2026-02-23T13:35:51.972Z","event":"PROFILE_SUBMIT","userId":"699c5604575074c6a1281b24","action":"aadhaar_kyc_submitted","details":{"referenceId":"BCR-MLZ7XSMU-Y8JNHAA8","nameMatch":false,"dobMatch":true,"status":"MANUAL_REVIEW"}}
{"timestamp":"2026-02-23T13:39:49.003Z","event":"PROFILE_SUBMIT","userId":"699c5604575074c6a1281b24","action":"aadhaar_manual_review","details":{"reason":"Document could not be read automatically. Please ensure PDF has selectable text, or upload a clear image (JPG/PNG)."}}
{"timestamp":"2026-02-23T14:05:22.446Z","event":"PLANTATION_SUBMIT","userId":"699b5d33e21e4e333bc49812","action":"plantation_submitted","details":{"plantationId":"BCR-PLT-MLZ912ZP-NHYSAE","landId":"699c15e97103c32dd6d7aa2c","speciesName":"Mango Trees","treeCount":"10","areaHectares":1}}
{"timestamp":"2026-03-06T18:49:40.983Z","event":"PLANTATION_SUBMIT","userId":"699b5d33e21e4e333bc49812","action":"plantation_submitted","details":{"plantationId":"BCR-PLT-MMF912QY-G2MWC1","landId":"699c15e97103c32dd6d7aa2c","speciesName":"mango","treeCount":"100","areaHectares":1}}
{"timestamp":"2026-03-06T19:05:35.752Z","event":"PLANTATION_SUBMIT","userId":"699b5d33e21e4e333bc49812","action":"plantation_submitted","details":{"plantationId":"BCR-PLT-MMF9LJH6-SNRXVR","landId":"699c15e97103c32dd6d7aa31","speciesName":"banyan","treeCount":"200","areaHectares":1}}
{"timestamp":"2026-03-06T19:23:17.708Z","event":"PANCHAYAT_APPROVE","userId":"699c37a57256a5dc88fa4215","action":"plantation_approved","details":{"plantationId":"BCR-PLT-MMF912QY-G2MWC1","plantationDbId":"69ab21c4c83caa96476c10ac"}}
{"timestamp":"2026-03-06T19:23:20.569Z","event":"PANCHAYAT_APPROVE","userId":"699c37a57256a5dc88fa4215","action":"plantation_approved","details":{"plantationId":"BCR-PLT-MMF9LJH6-SNRXVR","plantationDbId":"69ab257fc5898d4a302a211c"}}
{"timestamp":"2026-03-06T19:23:22.665Z","event":"PANCHAYAT_APPROVE","userId":"699c37a57256a5dc88fa4215","action":"plantation_approved","details":{"plantationId":"BCR-PLT-MLZ912ZP-NHYSAE","plantationDbId":"699c5ea2575074c6a1281bdd"}}
{"timestamp":"2026-03-25T19:28:01.150Z","event":"PANCHAYAT_APPROVE","userId":"699c37a57256a5dc88fa4215","action":"plantation_approved","details":{"plantationId":"BCR-PLT-MLZ912ZP-NHYSAE","plantationDbId":"699c5ea2575074c6a1281bdd"}}
{"timestamp":"2026-03-25T19:29:32.173Z","event":"UPDATE_SPECIES","userId":"699c33fc7256a5dc88fa4214","action":"update","details":{"id":"69c42c01547740f96868e72d","name":"Avicennia marina"}}
